// Jest Snapshot v1, https://goo.gl/fbAQLP

exports[`deep merges an array of modifiers by their name 1`] = `
Array [
  Object {
    "data": Object {},
    "enabled": false,
    "name": "preventOverflow",
    "options": Object {
      "altAxis": true,
      "mainAxis": false,
      "tether": true,
    },
  },
  Object {
    "data": Object {
      "x": true,
    },
    "name": "flip",
    "options": Object {
      "fallbackPlacements": Array [
        "right",
      ],
    },
  },
  Object {
    "data": Object {},
    "enabled": false,
    "name": "custom",
    "options": Object {
      "x": true,
    },
    "phase": "main",
  },
]
`;
